<?xml version="1.0" encoding="utf-8"?><testsuites><testsuite name="pytest" errors="0" failures="0" skipped="0" tests="3" time="5.107" timestamp="2024-11-13T22:55:55.738312-07:00" hostname="DESKTOP-PJTAP42"><testcase classname="tests.test_db_connection" name="test_database_connection" time="4.107" /><testcase classname="tests.test_db_connection" name="test_get_db" time="0.003" /><testcase classname="tests.test_db_connection" name="test_database_tables" time="0.011" /></testsuite></testsuites>